[0m┃       [34m1. Manutenzione del Sistema Operativo e dei Dischi      [37m┃
┃       [34m2. Gestione di Rete e Applicazioni                      [37m┃
┃       [34m3. Sicurezza e Protezione                               [37m┃
┃                                                               ┃
┃ [1;33m&FS. Schermo Intero | &32. Imposta la risoluzione | &V0. Info [0m┃
┃       [31m0. Esci \ \ \ \ \ \ \ \ \ \ [9m404. Disinstalla SYSCOM[0m     ┃[0m