[107;40m
 ____ ____ ____ ____ _________ ____ ____ ____ ____ ____ ____ ____ ____ ____ _________ ____ ____ 
||V |||U |||O |||I |||       |||T |||E |||R |||M |||I |||N |||A |||R |||E |||       |||I |||L ||
||__|||__|||__|||__|||_______|||__|||__|||__|||__|||__|||__|||__|||__|||__|||_______|||__|||__||
|/__\|/__\|/__\|/__\|/_______\|/__\|/__\|/__\|/__\|/__\|/__\|/__\|/__\|/__\|/_______\|/__\|/__\|
 ____ ____ ____ ____ ____ ____ ____ ____ ____                                                   
||P |||R |||O |||C |||E |||S |||S |||O |||? ||                                                  
||__|||__|||__|||__|||__|||__|||__|||__|||__||                                                  
|/__\|/__\|/__\|/__\|/__\|/__\|/__\|/__\|/__\|                                                  
                                                                                                